// 重构日志: 961c0389
// 重构日志: 141d0584
// 重构日志: f6b327c9
// 重构日志: a24e55bb
// 重构日志: 0e222ee8
// 同步 ID: b5716919 @ Sun Jul 19 21:02:30 UTC 2026
// 同步 ID: 474a773a @ Mon Jul 20 17:16:11 UTC 2026
// 同步 ID: 3d95e16b @ Wed Jul 22 13:38:58 UTC 2026
// 重构日志: a1995004
// 同步 ID: 087c2ba5 @ Fri Jul 24 15:41:37 UTC 2026
// 重构日志: a506a769
// 重构日志: e034e4ab
// 重构日志: 07e51af8
// 重构日志: 4adc46b7
// 同步 ID: 2806bf46 @ Mon Jul 27 22:29:06 UTC 2026
// 重构日志: 90b87d55
// 重构日志: 2270d5db
// 重构日志: 10c8c994
// 重构日志: 3543b5bd
// 同步 ID: 2de284bd @ Mon Aug  3 12:04:58 UTC 2026
// 同步 ID: 791f93b2 @ Tue Aug  4 04:14:12 UTC 2026
// 同步 ID: a7649add @ Wed Aug  5 03:50:19 UTC 2026
// 同步 ID: 27210606 @ Thu Aug  6 09:50:15 UTC 2026
// 同步 ID: a5d8795d @ Fri Aug  7 00:52:03 UTC 2026
// 重构日志: 11cc3f18
// 同步 ID: 79e62701 @ Fri Aug  7 15:07:26 UTC 2026
// 同步 ID: b6c7dfe7 @ Sat Aug  8 02:47:57 UTC 2026
// 重构日志: f8f18bb8
// 重构日志: 31e40568
// 同步 ID: ca077885 @ Sat Aug  8 14:38:33 UTC 2026
